// Jest Snapshot v1, https://goo.gl/fbAQLP

exports[`Lambda getProductList test group Error response [500+] on ScanCommand fail 1`] = `"{"statusCode":500,"error":"Tets error"}"`;
